  Wiederherzustellende Projekte werden ermittelt...
  Alle Projekte sind f├╝r die Wiederherstellung auf dem neuesten Stand.
C:\Users\LukasPagel\source\repos\X.Justiz.Core\dotnet\src\xjustiz.core-dotnet\Util\XmlValidator.cs(60,1): error SA1028: Code should not contain trailing whitespace (https://github.com/DotNetAnalyzers/StyleCopAnalyzers/blob/master/documentation/SA1028.md) [C:\Users\LukasPagel\source\repos\X.Justiz.Core\dotnet\src\xjustiz.core-dotnet\xjustiz.core-dotnet.csproj]
C:\Users\LukasPagel\source\repos\X.Justiz.Core\dotnet\src\xjustiz.core-dotnet\Util\XmlValidator.cs(113,1): error SA1028: Code should not contain trailing whitespace (https://github.com/DotNetAnalyzers/StyleCopAnalyzers/blob/master/documentation/SA1028.md) [C:\Users\LukasPagel\source\repos\X.Justiz.Core\dotnet\src\xjustiz.core-dotnet\xjustiz.core-dotnet.csproj]
C:\Users\LukasPagel\source\repos\X.Justiz.Core\dotnet\src\xjustiz.core-dotnet\Util\XmlValidator.cs(135,1): error SA1028: Code should not contain trailing whitespace (https://github.com/DotNetAnalyzers/StyleCopAnalyzers/blob/master/documentation/SA1028.md) [C:\Users\LukasPagel\source\repos\X.Justiz.Core\dotnet\src\xjustiz.core-dotnet\xjustiz.core-dotnet.csproj]

Fehler beim Buildvorgang.

C:\Users\LukasPagel\source\repos\X.Justiz.Core\dotnet\src\xjustiz.core-dotnet\Util\XmlValidator.cs(60,1): error SA1028: Code should not contain trailing whitespace (https://github.com/DotNetAnalyzers/StyleCopAnalyzers/blob/master/documentation/SA1028.md) [C:\Users\LukasPagel\source\repos\X.Justiz.Core\dotnet\src\xjustiz.core-dotnet\xjustiz.core-dotnet.csproj]
C:\Users\LukasPagel\source\repos\X.Justiz.Core\dotnet\src\xjustiz.core-dotnet\Util\XmlValidator.cs(113,1): error SA1028: Code should not contain trailing whitespace (https://github.com/DotNetAnalyzers/StyleCopAnalyzers/blob/master/documentation/SA1028.md) [C:\Users\LukasPagel\source\repos\X.Justiz.Core\dotnet\src\xjustiz.core-dotnet\xjustiz.core-dotnet.csproj]
C:\Users\LukasPagel\source\repos\X.Justiz.Core\dotnet\src\xjustiz.core-dotnet\Util\XmlValidator.cs(135,1): error SA1028: Code should not contain trailing whitespace (https://github.com/DotNetAnalyzers/StyleCopAnalyzers/blob/master/documentation/SA1028.md) [C:\Users\LukasPagel\source\repos\X.Justiz.Core\dotnet\src\xjustiz.core-dotnet\xjustiz.core-dotnet.csproj]
    0 Warnung(en)
    3 Fehler

Verstrichene Zeit 00:00:01.22
